/home/ares/kfs_alignment/install/kfs_alignment/lib/python3.10/site-packages/kfs_alignment/pose_fusion_node.py
/home/ares/kfs_alignment/install/kfs_alignment/lib/python3.10/site-packages/kfs_alignment/yolo_detector_grey.py
/home/ares/kfs_alignment/install/kfs_alignment/lib/python3.10/site-packages/kfs_alignment/geometry_utils.py
/home/ares/kfs_alignment/install/kfs_alignment/lib/python3.10/site-packages/kfs_alignment/cube_pose_node.py
/home/ares/kfs_alignment/install/kfs_alignment/lib/python3.10/site-packages/kfs_alignment/pnp_solver.py
/home/ares/kfs_alignment/install/kfs_alignment/lib/python3.10/site-packages/kfs_alignment/__init__.py
/home/ares/kfs_alignment/install/kfs_alignment/lib/python3.10/site-packages/kfs_alignment/yolo_detector.py
/home/ares/kfs_alignment/install/kfs_alignment/lib/python3.10/site-packages/kfs_alignment/kfs_align_controller_node.py
/home/ares/kfs_alignment/install/kfs_alignment/lib/python3.10/site-packages/kfs_alignment/__pycache__/pose_fusion_node.cpython-310.pyc
/home/ares/kfs_alignment/install/kfs_alignment/lib/python3.10/site-packages/kfs_alignment/__pycache__/yolo_detector_grey.cpython-310.pyc
/home/ares/kfs_alignment/install/kfs_alignment/lib/python3.10/site-packages/kfs_alignment/__pycache__/geometry_utils.cpython-310.pyc
/home/ares/kfs_alignment/install/kfs_alignment/lib/python3.10/site-packages/kfs_alignment/__pycache__/cube_pose_node.cpython-310.pyc
/home/ares/kfs_alignment/install/kfs_alignment/lib/python3.10/site-packages/kfs_alignment/__pycache__/pnp_solver.cpython-310.pyc
/home/ares/kfs_alignment/install/kfs_alignment/lib/python3.10/site-packages/kfs_alignment/__pycache__/__init__.cpython-310.pyc
/home/ares/kfs_alignment/install/kfs_alignment/lib/python3.10/site-packages/kfs_alignment/__pycache__/yolo_detector.cpython-310.pyc
/home/ares/kfs_alignment/install/kfs_alignment/lib/python3.10/site-packages/kfs_alignment/__pycache__/kfs_align_controller_node.cpython-310.pyc
/home/ares/kfs_alignment/install/kfs_alignment/share/ament_index/resource_index/packages/kfs_alignment
/home/ares/kfs_alignment/install/kfs_alignment/share/kfs_alignment/package.xml
/home/ares/kfs_alignment/install/kfs_alignment/share/kfs_alignment/config/cube_pose_fusion.yaml
/home/ares/kfs_alignment/install/kfs_alignment/share/kfs_alignment/config/cube_pose_estimator.rviz
/home/ares/kfs_alignment/install/kfs_alignment/share/kfs_alignment/config/cube_pose_estimator.yaml
/home/ares/kfs_alignment/install/kfs_alignment/share/kfs_alignment/launch/kfs_align.launch.py
/home/ares/kfs_alignment/install/kfs_alignment/share/kfs_alignment/launch/cube_pose_estimator_with_fusion.launch.py
/home/ares/kfs_alignment/install/kfs_alignment/share/kfs_alignment/models/obb/best.pt
/home/ares/kfs_alignment/install/kfs_alignment/share/kfs_alignment/models/pose/best.pt
/home/ares/kfs_alignment/install/kfs_alignment/share/kfs_alignment/rviz
/home/ares/kfs_alignment/install/kfs_alignment/lib/python3.10/site-packages/kfs_alignment-0.0.0-py3.10.egg-info/PKG-INFO
/home/ares/kfs_alignment/install/kfs_alignment/lib/python3.10/site-packages/kfs_alignment-0.0.0-py3.10.egg-info/zip-safe
/home/ares/kfs_alignment/install/kfs_alignment/lib/python3.10/site-packages/kfs_alignment-0.0.0-py3.10.egg-info/top_level.txt
/home/ares/kfs_alignment/install/kfs_alignment/lib/python3.10/site-packages/kfs_alignment-0.0.0-py3.10.egg-info/dependency_links.txt
/home/ares/kfs_alignment/install/kfs_alignment/lib/python3.10/site-packages/kfs_alignment-0.0.0-py3.10.egg-info/requires.txt
/home/ares/kfs_alignment/install/kfs_alignment/lib/python3.10/site-packages/kfs_alignment-0.0.0-py3.10.egg-info/entry_points.txt
/home/ares/kfs_alignment/install/kfs_alignment/lib/python3.10/site-packages/kfs_alignment-0.0.0-py3.10.egg-info/SOURCES.txt
/home/ares/kfs_alignment/install/kfs_alignment/lib/kfs_alignment/cube_pose_node
/home/ares/kfs_alignment/install/kfs_alignment/lib/kfs_alignment/kfs_align_controller_node
/home/ares/kfs_alignment/install/kfs_alignment/lib/kfs_alignment/pose_fusion_node
