running egg_info
writing ../../build/kfs_alignment/kfs_alignment.egg-info/PKG-INFO
writing dependency_links to ../../build/kfs_alignment/kfs_alignment.egg-info/dependency_links.txt
writing entry points to ../../build/kfs_alignment/kfs_alignment.egg-info/entry_points.txt
writing requirements to ../../build/kfs_alignment/kfs_alignment.egg-info/requires.txt
writing top-level names to ../../build/kfs_alignment/kfs_alignment.egg-info/top_level.txt
reading manifest file '../../build/kfs_alignment/kfs_alignment.egg-info/SOURCES.txt'
writing manifest file '../../build/kfs_alignment/kfs_alignment.egg-info/SOURCES.txt'
running build
running build_py
copying kfs_alignment/kfs_align_controller_node.py -> /home/ares/kfs_alignment/build/kfs_alignment/build/lib/kfs_alignment
running install
running install_lib
copying /home/ares/kfs_alignment/build/kfs_alignment/build/lib/kfs_alignment/kfs_align_controller_node.py -> /home/ares/kfs_alignment/install/kfs_alignment/lib/python3.10/site-packages/kfs_alignment
byte-compiling /home/ares/kfs_alignment/install/kfs_alignment/lib/python3.10/site-packages/kfs_alignment/kfs_align_controller_node.py to kfs_align_controller_node.cpython-310.pyc
running install_data
running install_egg_info
removing '/home/ares/kfs_alignment/install/kfs_alignment/lib/python3.10/site-packages/kfs_alignment-0.0.0-py3.10.egg-info' (and everything under it)
Copying ../../build/kfs_alignment/kfs_alignment.egg-info to /home/ares/kfs_alignment/install/kfs_alignment/lib/python3.10/site-packages/kfs_alignment-0.0.0-py3.10.egg-info
running install_scripts
Installing cube_pose_node script to /home/ares/kfs_alignment/install/kfs_alignment/lib/kfs_alignment
Installing kfs_align_controller_node script to /home/ares/kfs_alignment/install/kfs_alignment/lib/kfs_alignment
Installing pose_fusion_node script to /home/ares/kfs_alignment/install/kfs_alignment/lib/kfs_alignment
writing list of installed files to '/home/ares/kfs_alignment/build/kfs_alignment/install.log'
