[0.423s] Invoking command in '/home/ares/kfs_alignment/src/kfs_alignment': PYTHONPATH=/home/ares/kfs_alignment/build/kfs_alignment/prefix_override:/usr/lib/python3/dist-packages/colcon_core/task/python/colcon_distutils_commands:/home/ares/kfs_alignment/install/kfs_alignment/lib/python3.10/site-packages:${PYTHONPATH} /usr/bin/python3 -W ignore:setup.py install is deprecated -W ignore:easy_install command is deprecated setup.py egg_info --egg-base ../../build/kfs_alignment build --build-base /home/ares/kfs_alignment/build/kfs_alignment/build install --record /home/ares/kfs_alignment/build/kfs_alignment/install.log --single-version-externally-managed install_data
[0.574s] running egg_info
[0.574s] writing ../../build/kfs_alignment/kfs_alignment.egg-info/PKG-INFO
[0.574s] writing dependency_links to ../../build/kfs_alignment/kfs_alignment.egg-info/dependency_links.txt
[0.574s] writing entry points to ../../build/kfs_alignment/kfs_alignment.egg-info/entry_points.txt
[0.574s] writing requirements to ../../build/kfs_alignment/kfs_alignment.egg-info/requires.txt
[0.574s] writing top-level names to ../../build/kfs_alignment/kfs_alignment.egg-info/top_level.txt
[0.575s] reading manifest file '../../build/kfs_alignment/kfs_alignment.egg-info/SOURCES.txt'
[0.576s] writing manifest file '../../build/kfs_alignment/kfs_alignment.egg-info/SOURCES.txt'
[0.576s] running build
[0.576s] running build_py
[0.576s] copying kfs_alignment/kfs_align_controller_node.py -> /home/ares/kfs_alignment/build/kfs_alignment/build/lib/kfs_alignment
[0.576s] running install
[0.576s] running install_lib
[0.577s] copying /home/ares/kfs_alignment/build/kfs_alignment/build/lib/kfs_alignment/kfs_align_controller_node.py -> /home/ares/kfs_alignment/install/kfs_alignment/lib/python3.10/site-packages/kfs_alignment
[0.577s] byte-compiling /home/ares/kfs_alignment/install/kfs_alignment/lib/python3.10/site-packages/kfs_alignment/kfs_align_controller_node.py to kfs_align_controller_node.cpython-310.pyc
[0.578s] running install_data
[0.578s] running install_egg_info
[0.579s] removing '/home/ares/kfs_alignment/install/kfs_alignment/lib/python3.10/site-packages/kfs_alignment-0.0.0-py3.10.egg-info' (and everything under it)
[0.580s] Copying ../../build/kfs_alignment/kfs_alignment.egg-info to /home/ares/kfs_alignment/install/kfs_alignment/lib/python3.10/site-packages/kfs_alignment-0.0.0-py3.10.egg-info
[0.580s] running install_scripts
[0.592s] Installing cube_pose_node script to /home/ares/kfs_alignment/install/kfs_alignment/lib/kfs_alignment
[0.592s] Installing kfs_align_controller_node script to /home/ares/kfs_alignment/install/kfs_alignment/lib/kfs_alignment
[0.592s] Installing pose_fusion_node script to /home/ares/kfs_alignment/install/kfs_alignment/lib/kfs_alignment
[0.593s] writing list of installed files to '/home/ares/kfs_alignment/build/kfs_alignment/install.log'
[0.606s] Invoked command in '/home/ares/kfs_alignment/src/kfs_alignment' returned '0': PYTHONPATH=/home/ares/kfs_alignment/build/kfs_alignment/prefix_override:/usr/lib/python3/dist-packages/colcon_core/task/python/colcon_distutils_commands:/home/ares/kfs_alignment/install/kfs_alignment/lib/python3.10/site-packages:${PYTHONPATH} /usr/bin/python3 -W ignore:setup.py install is deprecated -W ignore:easy_install command is deprecated setup.py egg_info --egg-base ../../build/kfs_alignment build --build-base /home/ares/kfs_alignment/build/kfs_alignment/build install --record /home/ares/kfs_alignment/build/kfs_alignment/install.log --single-version-externally-managed install_data
