running egg_info
creating ../../build/kfs_alignment/kfs_alignment.egg-info
writing ../../build/kfs_alignment/kfs_alignment.egg-info/PKG-INFO
writing dependency_links to ../../build/kfs_alignment/kfs_alignment.egg-info/dependency_links.txt
writing entry points to ../../build/kfs_alignment/kfs_alignment.egg-info/entry_points.txt
writing requirements to ../../build/kfs_alignment/kfs_alignment.egg-info/requires.txt
writing top-level names to ../../build/kfs_alignment/kfs_alignment.egg-info/top_level.txt
writing manifest file '../../build/kfs_alignment/kfs_alignment.egg-info/SOURCES.txt'
reading manifest file '../../build/kfs_alignment/kfs_alignment.egg-info/SOURCES.txt'
writing manifest file '../../build/kfs_alignment/kfs_alignment.egg-info/SOURCES.txt'
running build
running build_py
creating /home/ares/kfs_alignment/build/kfs_alignment/build
creating /home/ares/kfs_alignment/build/kfs_alignment/build/lib
creating /home/ares/kfs_alignment/build/kfs_alignment/build/lib/kfs_alignment
copying kfs_alignment/pose_fusion_node.py -> /home/ares/kfs_alignment/build/kfs_alignment/build/lib/kfs_alignment
copying kfs_alignment/yolo_detector_grey.py -> /home/ares/kfs_alignment/build/kfs_alignment/build/lib/kfs_alignment
copying kfs_alignment/geometry_utils.py -> /home/ares/kfs_alignment/build/kfs_alignment/build/lib/kfs_alignment
copying kfs_alignment/cube_pose_node.py -> /home/ares/kfs_alignment/build/kfs_alignment/build/lib/kfs_alignment
copying kfs_alignment/pnp_solver.py -> /home/ares/kfs_alignment/build/kfs_alignment/build/lib/kfs_alignment
copying kfs_alignment/__init__.py -> /home/ares/kfs_alignment/build/kfs_alignment/build/lib/kfs_alignment
copying kfs_alignment/yolo_detector.py -> /home/ares/kfs_alignment/build/kfs_alignment/build/lib/kfs_alignment
copying kfs_alignment/kfs_align_controller_node.py -> /home/ares/kfs_alignment/build/kfs_alignment/build/lib/kfs_alignment
running install
running install_lib
creating /home/ares/kfs_alignment/install/kfs_alignment/lib/python3.10/site-packages/kfs_alignment
copying /home/ares/kfs_alignment/build/kfs_alignment/build/lib/kfs_alignment/pose_fusion_node.py -> /home/ares/kfs_alignment/install/kfs_alignment/lib/python3.10/site-packages/kfs_alignment
copying /home/ares/kfs_alignment/build/kfs_alignment/build/lib/kfs_alignment/yolo_detector_grey.py -> /home/ares/kfs_alignment/install/kfs_alignment/lib/python3.10/site-packages/kfs_alignment
copying /home/ares/kfs_alignment/build/kfs_alignment/build/lib/kfs_alignment/geometry_utils.py -> /home/ares/kfs_alignment/install/kfs_alignment/lib/python3.10/site-packages/kfs_alignment
copying /home/ares/kfs_alignment/build/kfs_alignment/build/lib/kfs_alignment/cube_pose_node.py -> /home/ares/kfs_alignment/install/kfs_alignment/lib/python3.10/site-packages/kfs_alignment
copying /home/ares/kfs_alignment/build/kfs_alignment/build/lib/kfs_alignment/pnp_solver.py -> /home/ares/kfs_alignment/install/kfs_alignment/lib/python3.10/site-packages/kfs_alignment
copying /home/ares/kfs_alignment/build/kfs_alignment/build/lib/kfs_alignment/__init__.py -> /home/ares/kfs_alignment/install/kfs_alignment/lib/python3.10/site-packages/kfs_alignment
copying /home/ares/kfs_alignment/build/kfs_alignment/build/lib/kfs_alignment/yolo_detector.py -> /home/ares/kfs_alignment/install/kfs_alignment/lib/python3.10/site-packages/kfs_alignment
copying /home/ares/kfs_alignment/build/kfs_alignment/build/lib/kfs_alignment/kfs_align_controller_node.py -> /home/ares/kfs_alignment/install/kfs_alignment/lib/python3.10/site-packages/kfs_alignment
byte-compiling /home/ares/kfs_alignment/install/kfs_alignment/lib/python3.10/site-packages/kfs_alignment/pose_fusion_node.py to pose_fusion_node.cpython-310.pyc
byte-compiling /home/ares/kfs_alignment/install/kfs_alignment/lib/python3.10/site-packages/kfs_alignment/yolo_detector_grey.py to yolo_detector_grey.cpython-310.pyc
byte-compiling /home/ares/kfs_alignment/install/kfs_alignment/lib/python3.10/site-packages/kfs_alignment/geometry_utils.py to geometry_utils.cpython-310.pyc
byte-compiling /home/ares/kfs_alignment/install/kfs_alignment/lib/python3.10/site-packages/kfs_alignment/cube_pose_node.py to cube_pose_node.cpython-310.pyc
byte-compiling /home/ares/kfs_alignment/install/kfs_alignment/lib/python3.10/site-packages/kfs_alignment/pnp_solver.py to pnp_solver.cpython-310.pyc
byte-compiling /home/ares/kfs_alignment/install/kfs_alignment/lib/python3.10/site-packages/kfs_alignment/__init__.py to __init__.cpython-310.pyc
byte-compiling /home/ares/kfs_alignment/install/kfs_alignment/lib/python3.10/site-packages/kfs_alignment/yolo_detector.py to yolo_detector.cpython-310.pyc
byte-compiling /home/ares/kfs_alignment/install/kfs_alignment/lib/python3.10/site-packages/kfs_alignment/kfs_align_controller_node.py to kfs_align_controller_node.cpython-310.pyc
running install_data
creating /home/ares/kfs_alignment/install/kfs_alignment/share/ament_index
creating /home/ares/kfs_alignment/install/kfs_alignment/share/ament_index/resource_index
creating /home/ares/kfs_alignment/install/kfs_alignment/share/ament_index/resource_index/packages
copying resource/kfs_alignment -> /home/ares/kfs_alignment/install/kfs_alignment/share/ament_index/resource_index/packages
copying package.xml -> /home/ares/kfs_alignment/install/kfs_alignment/share/kfs_alignment
creating /home/ares/kfs_alignment/install/kfs_alignment/share/kfs_alignment/config
copying config/cube_pose_fusion.yaml -> /home/ares/kfs_alignment/install/kfs_alignment/share/kfs_alignment/config
copying config/cube_pose_estimator.rviz -> /home/ares/kfs_alignment/install/kfs_alignment/share/kfs_alignment/config
copying config/cube_pose_estimator.yaml -> /home/ares/kfs_alignment/install/kfs_alignment/share/kfs_alignment/config
creating /home/ares/kfs_alignment/install/kfs_alignment/share/kfs_alignment/launch
copying launch/kfs_align.launch.py -> /home/ares/kfs_alignment/install/kfs_alignment/share/kfs_alignment/launch
copying launch/cube_pose_estimator_with_fusion.launch.py -> /home/ares/kfs_alignment/install/kfs_alignment/share/kfs_alignment/launch
creating /home/ares/kfs_alignment/install/kfs_alignment/share/kfs_alignment/models
creating /home/ares/kfs_alignment/install/kfs_alignment/share/kfs_alignment/models/obb
copying models/obb/best.pt -> /home/ares/kfs_alignment/install/kfs_alignment/share/kfs_alignment/models/obb
creating /home/ares/kfs_alignment/install/kfs_alignment/share/kfs_alignment/models/pose
copying models/pose/best.pt -> /home/ares/kfs_alignment/install/kfs_alignment/share/kfs_alignment/models/pose
creating /home/ares/kfs_alignment/install/kfs_alignment/share/kfs_alignment/rviz
running install_egg_info
Copying ../../build/kfs_alignment/kfs_alignment.egg-info to /home/ares/kfs_alignment/install/kfs_alignment/lib/python3.10/site-packages/kfs_alignment-0.0.0-py3.10.egg-info
running install_scripts
Installing cube_pose_node script to /home/ares/kfs_alignment/install/kfs_alignment/lib/kfs_alignment
Installing kfs_align_controller_node script to /home/ares/kfs_alignment/install/kfs_alignment/lib/kfs_alignment
Installing pose_fusion_node script to /home/ares/kfs_alignment/install/kfs_alignment/lib/kfs_alignment
writing list of installed files to '/home/ares/kfs_alignment/build/kfs_alignment/install.log'
